---
source: stacktrace-parser/src/lib.rs
expression: parsed
input_file: stacktrace-parser/data/stack-traces/dotnet-nested-exception-linenumbers.txt
---
{
  "text": "Unhandled exception. System.Exception: No fuzzing target specified\n ---> System.Exception: Missing `LIBFUZZER_DOTNET_TARGET` environment variables: LIBFUZZER_DOTNET_TARGET_ASSEMBLY, LIBFUZZER_DOTNET_TARGET_CLASS, LIBFUZZER_DOTNET_TARGET_METHOD\n   at LibFuzzerDotnetLoader.LibFuzzerDotnetTarget.FromEnvironmentVars() in /workspaces/onefuzz/src/agent/LibFuzzerDotnetLoader/Program.cs:line 190\n   at LibFuzzerDotnetLoader.LibFuzzerDotnetTarget.FromEnvironment() in /workspaces/onefuzz/src/agent/LibFuzzerDotnetLoader/Program.cs:line 166\n   --- End of inner exception stack trace ---\n   at LibFuzzerDotnetLoader.LibFuzzerDotnetTarget.FromEnvironment() in /workspaces/onefuzz/src/agent/LibFuzzerDotnetLoader/Program.cs:line 171\n   at LibFuzzerDotnetLoader.Program.TryMain() in /workspaces/onefuzz/src/agent/LibFuzzerDotnetLoader/Program.cs:line 70\n   at LibFuzzerDotnetLoader.Program.Main(String[] args) in /workspaces/onefuzz/src/agent/LibFuzzerDotnetLoader/Program.cs:line 57\n",
  "sanitizer": ".NET",
  "summary": "Unhandled exception. System.Exception: No fuzzing target specified ---> System.Exception: Missing `LIBFUZZER_DOTNET_TARGET` environment variables: LIBFUZZER_DOTNET_TARGET_ASSEMBLY, LIBFUZZER_DOTNET_TARGET_CLASS, LIBFUZZER_DOTNET_TARGET_METHOD",
  "fault_type": "Unhandled exception",
  "call_stack": [
    "   at LibFuzzerDotnetLoader.LibFuzzerDotnetTarget.FromEnvironment() in /workspaces/onefuzz/src/agent/LibFuzzerDotnetLoader/Program.cs:line 171",
    "   at LibFuzzerDotnetLoader.Program.TryMain() in /workspaces/onefuzz/src/agent/LibFuzzerDotnetLoader/Program.cs:line 70",
    "   at LibFuzzerDotnetLoader.Program.Main(String[] args) in /workspaces/onefuzz/src/agent/LibFuzzerDotnetLoader/Program.cs:line 57"
  ],
  "full_stack_details": [
    {
      "line": "   at LibFuzzerDotnetLoader.LibFuzzerDotnetTarget.FromEnvironment() in /workspaces/onefuzz/src/agent/LibFuzzerDotnetLoader/Program.cs:line 171",
      "function_name": "LibFuzzerDotnetLoader.LibFuzzerDotnetTarget.FromEnvironment()",
      "source_file_name": "Program.cs",
      "source_file_path": "/workspaces/onefuzz/src/agent/LibFuzzerDotnetLoader/Program.cs",
      "source_file_line": 171
    },
    {
      "line": "   at LibFuzzerDotnetLoader.Program.TryMain() in /workspaces/onefuzz/src/agent/LibFuzzerDotnetLoader/Program.cs:line 70",
      "function_name": "LibFuzzerDotnetLoader.Program.TryMain()",
      "source_file_name": "Program.cs",
      "source_file_path": "/workspaces/onefuzz/src/agent/LibFuzzerDotnetLoader/Program.cs",
      "source_file_line": 70
    },
    {
      "line": "   at LibFuzzerDotnetLoader.Program.Main(String[] args) in /workspaces/onefuzz/src/agent/LibFuzzerDotnetLoader/Program.cs:line 57",
      "function_name": "LibFuzzerDotnetLoader.Program.Main(String[] args)",
      "source_file_name": "Program.cs",
      "source_file_path": "/workspaces/onefuzz/src/agent/LibFuzzerDotnetLoader/Program.cs",
      "source_file_line": 57
    }
  ],
  "full_stack_names": [
    "LibFuzzerDotnetLoader.LibFuzzerDotnetTarget.FromEnvironment",
    "LibFuzzerDotnetLoader.Program.TryMain",
    "LibFuzzerDotnetLoader.Program.Main"
  ],
  "minimized_stack_details": [
    {
      "line": "   at LibFuzzerDotnetLoader.LibFuzzerDotnetTarget.FromEnvironment() in /workspaces/onefuzz/src/agent/LibFuzzerDotnetLoader/Program.cs:line 171",
      "function_name": "LibFuzzerDotnetLoader.LibFuzzerDotnetTarget.FromEnvironment()",
      "source_file_name": "Program.cs",
      "source_file_path": "/workspaces/onefuzz/src/agent/LibFuzzerDotnetLoader/Program.cs",
      "source_file_line": 171
    },
    {
      "line": "   at LibFuzzerDotnetLoader.Program.TryMain() in /workspaces/onefuzz/src/agent/LibFuzzerDotnetLoader/Program.cs:line 70",
      "function_name": "LibFuzzerDotnetLoader.Program.TryMain()",
      "source_file_name": "Program.cs",
      "source_file_path": "/workspaces/onefuzz/src/agent/LibFuzzerDotnetLoader/Program.cs",
      "source_file_line": 70
    },
    {
      "line": "   at LibFuzzerDotnetLoader.Program.Main(String[] args) in /workspaces/onefuzz/src/agent/LibFuzzerDotnetLoader/Program.cs:line 57",
      "function_name": "LibFuzzerDotnetLoader.Program.Main(String[] args)",
      "source_file_name": "Program.cs",
      "source_file_path": "/workspaces/onefuzz/src/agent/LibFuzzerDotnetLoader/Program.cs",
      "source_file_line": 57
    }
  ],
  "minimized_stack": [
    "   at LibFuzzerDotnetLoader.LibFuzzerDotnetTarget.FromEnvironment() in /workspaces/onefuzz/src/agent/LibFuzzerDotnetLoader/Program.cs:line 171",
    "   at LibFuzzerDotnetLoader.Program.TryMain() in /workspaces/onefuzz/src/agent/LibFuzzerDotnetLoader/Program.cs:line 70",
    "   at LibFuzzerDotnetLoader.Program.Main(String[] args) in /workspaces/onefuzz/src/agent/LibFuzzerDotnetLoader/Program.cs:line 57"
  ],
  "minimized_stack_function_names": [
    "LibFuzzerDotnetLoader.LibFuzzerDotnetTarget.FromEnvironment",
    "LibFuzzerDotnetLoader.Program.TryMain",
    "LibFuzzerDotnetLoader.Program.Main"
  ],
  "minimized_stack_function_lines": [
    "LibFuzzerDotnetLoader.LibFuzzerDotnetTarget.FromEnvironment() Program.cs:171",
    "LibFuzzerDotnetLoader.Program.TryMain() Program.cs:70",
    "LibFuzzerDotnetLoader.Program.Main(String[] args) Program.cs:57"
  ]
}
